15:11:18.056 [main] DEBUG org.testng.TestNG - suiteXmlPath: "C:\Users\Asus\AppData\Local\Temp\testng-eclipse-965999639\testng-customsuite.xml"
15:11:18.696 [main] INFO  org.testng.internal.Utils - [Utils] MethodGroupsHelper.collectMethodsByGroup() took 1 ms.
15:11:18.704 [main] INFO  org.testng.internal.Utils - [Utils] MethodGroupsHelper.sortMethods() took 3 ms.
15:11:18.707 [main] INFO  org.testng.internal.Utils - [Utils] MethodGroupsHelper.collectMethodsByGroup() took 0 ms.
15:11:18.708 [main] INFO  org.testng.internal.Utils - [Utils] MethodGroupsHelper.sortMethods() took 0 ms.
15:11:18.709 [main] INFO  org.testng.internal.Utils - [Utils] MethodGroupsHelper.collectMethodsByGroup() took 0 ms.
15:11:18.710 [main] INFO  org.testng.internal.Utils - [Utils] MethodGroupsHelper.sortMethods() took 0 ms.
15:11:18.714 [main] INFO  org.testng.internal.Utils - [Utils] MethodGroupsHelper.collectMethodsByGroup() took 0 ms.
15:11:18.715 [main] INFO  org.testng.internal.Utils - [Utils] MethodGroupsHelper.sortMethods() took 0 ms.
15:11:18.724 [main] INFO  org.testng.internal.Utils - [Utils] MethodGroupsHelper.collectMethodsByGroup() took 5 ms.
15:11:18.747 [main] INFO  org.testng.internal.Utils - [Utils] MethodGroupsHelper.sortMethods() took 23 ms.
15:11:18.750 [main] INFO  org.testng.internal.Utils - [Utils] MethodGroupsHelper.collectMethodsByGroup() took 0 ms.
15:11:18.751 [main] INFO  org.testng.internal.Utils - [Utils] MethodGroupsHelper.sortMethods() took 0 ms.
15:11:18.752 [main] INFO  org.testng.internal.Utils - [Utils] MethodGroupsHelper.collectMethodsByGroup() took 0 ms.
15:11:18.753 [main] INFO  org.testng.internal.Utils - [Utils] MethodGroupsHelper.sortMethods() took 0 ms.
15:11:18.753 [main] INFO  org.testng.internal.Utils - [Utils] MethodGroupsHelper.collectMethodsByGroup() took 0 ms.
15:11:18.754 [main] INFO  org.testng.internal.Utils - [Utils] MethodGroupsHelper.sortMethods() took 0 ms.
15:11:18.757 [main] INFO  org.testng.internal.Utils - [Utils] MethodGroupsHelper.collectMethodsByGroup() took 0 ms.
15:11:18.758 [main] INFO  org.testng.internal.Utils - [Utils] MethodGroupsHelper.sortMethods() took 0 ms.
15:11:18.758 [main] INFO  org.testng.internal.Utils - [Utils] MethodGroupsHelper.collectMethodsByGroup() took 0 ms.
15:11:18.759 [main] INFO  org.testng.internal.Utils - [Utils] MethodGroupsHelper.sortMethods() took 0 ms.
15:11:18.766 [main] INFO  org.testng.internal.Utils - [Utils] MethodGroupsHelper.collectMethodsByGroup() took 0 ms.
15:11:18.767 [main] INFO  org.testng.internal.Utils - [Utils] MethodGroupsHelper.sortMethods() took 0 ms.
15:11:18.767 [main] INFO  org.testng.internal.Utils - [Utils] MethodGroupsHelper.collectMethodsByGroup() took 0 ms.
15:11:18.767 [main] INFO  org.testng.internal.Utils - [Utils] MethodGroupsHelper.sortMethods() took 0 ms.
15:11:18.770 [main] INFO  org.testng.internal.Utils - [Utils] MethodGroupsHelper.collectMethodsByGroup() took 1 ms.
15:11:18.771 [main] INFO  org.testng.internal.Utils - [Utils] MethodGroupsHelper.sortMethods() took 0 ms.
15:11:18.774 [main] INFO  org.testng.internal.Utils - [Utils] MethodGroupsHelper.collectMethodsByGroup() took 0 ms.
15:11:18.774 [main] INFO  org.testng.internal.Utils - [Utils] MethodGroupsHelper.sortMethods() took 0 ms.
15:11:18.775 [main] INFO  org.testng.internal.Utils - [Utils] MethodGroupsHelper.collectMethodsByGroup() took 0 ms.
15:11:18.775 [main] INFO  org.testng.internal.Utils - [Utils] MethodGroupsHelper.sortMethods() took 0 ms.
15:11:18.793 [main] INFO  org.testng.internal.Utils - [TestNG] Running:
  C:\Users\Asus\AppData\Local\Temp\testng-eclipse-965999639\testng-customsuite.xml

15:11:18.838 [main] INFO  org.testng.internal.Utils - [Utils] DynamicGraphHelper.createDynamicGraph() took 7 ms.
15:11:25.948 [main] INFO  testBase.TC001_AccountRegistrationTest - ******Starting TC001_AccountRegistrationTest******
15:11:26.019 [main] INFO  testBase.TC001_AccountRegistrationTest - Clicking on My Account
15:11:26.173 [main] INFO  testBase.TC001_AccountRegistrationTest - Clicking on Register
15:11:27.061 [main] INFO  testBase.TC001_AccountRegistrationTest - Entering the details of Register form
15:11:28.268 [main] INFO  testBase.TC001_AccountRegistrationTest - Clicking on policy check-box
15:11:28.428 [main] INFO  testBase.TC001_AccountRegistrationTest - Submmitting Register form
15:11:30.892 [main] INFO  testBase.TC001_AccountRegistrationTest - Validating expected message
15:11:30.892 [main] INFO  testBase.TC001_AccountRegistrationTest - ******Finished TC001_AccountRegistrationTest******
15:11:31.935 [main] INFO  org.testng.internal.Utils - [TestNG] Time taken by org.testng.reporters.jq.Main@659a2455: 174 ms
15:11:31.940 [main] INFO  org.testng.internal.Utils - [TestNG] Time taken by org.testng.reporters.FailedReporter@5b022357: 5 ms
15:11:31.970 [main] INFO  org.testng.internal.Utils - [TestNG] Time taken by org.testng.reporters.XMLReporter@aa004a0: 28 ms
15:11:31.995 [main] INFO  org.testng.internal.Utils - [TestNG] Time taken by org.testng.reporters.EmailableReporter2@383790cf: 25 ms
15:11:32.014 [main] INFO  org.testng.internal.Utils - [TestNG] Time taken by org.testng.reporters.JUnitReportReporter@4d0b0fd4: 18 ms
15:11:32.016 [main] INFO  org.testng.internal.Utils - [TestNG] Time taken by org.testng.internal.ExitCodeListener@7a24eb3: 0 ms
15:19:54.570 [main] DEBUG org.testng.TestNG - suiteXmlPath: "C:\Users\Asus\AppData\Local\Temp\testng-eclipse-174309519\testng-customsuite.xml"
15:19:55.142 [main] INFO  org.testng.internal.Utils - [Utils] MethodGroupsHelper.collectMethodsByGroup() took 3 ms.
15:19:55.150 [main] INFO  org.testng.internal.Utils - [Utils] MethodGroupsHelper.sortMethods() took 2 ms.
15:19:55.153 [main] INFO  org.testng.internal.Utils - [Utils] MethodGroupsHelper.collectMethodsByGroup() took 0 ms.
15:19:55.154 [main] INFO  org.testng.internal.Utils - [Utils] MethodGroupsHelper.sortMethods() took 0 ms.
15:19:55.155 [main] INFO  org.testng.internal.Utils - [Utils] MethodGroupsHelper.collectMethodsByGroup() took 0 ms.
15:19:55.155 [main] INFO  org.testng.internal.Utils - [Utils] MethodGroupsHelper.sortMethods() took 0 ms.
15:19:55.156 [main] INFO  org.testng.internal.Utils - [Utils] MethodGroupsHelper.collectMethodsByGroup() took 0 ms.
15:19:55.156 [main] INFO  org.testng.internal.Utils - [Utils] MethodGroupsHelper.sortMethods() took 0 ms.
15:19:55.166 [main] INFO  org.testng.internal.Utils - [Utils] MethodGroupsHelper.collectMethodsByGroup() took 6 ms.
15:19:55.186 [main] INFO  org.testng.internal.Utils - [Utils] MethodGroupsHelper.sortMethods() took 19 ms.
15:19:55.189 [main] INFO  org.testng.internal.Utils - [Utils] MethodGroupsHelper.collectMethodsByGroup() took 0 ms.
15:19:55.190 [main] INFO  org.testng.internal.Utils - [Utils] MethodGroupsHelper.sortMethods() took 0 ms.
15:19:55.192 [main] INFO  org.testng.internal.Utils - [Utils] MethodGroupsHelper.collectMethodsByGroup() took 0 ms.
15:19:55.192 [main] INFO  org.testng.internal.Utils - [Utils] MethodGroupsHelper.sortMethods() took 0 ms.
15:19:55.193 [main] INFO  org.testng.internal.Utils - [Utils] MethodGroupsHelper.collectMethodsByGroup() took 0 ms.
15:19:55.193 [main] INFO  org.testng.internal.Utils - [Utils] MethodGroupsHelper.sortMethods() took 0 ms.
15:19:55.197 [main] INFO  org.testng.internal.Utils - [Utils] MethodGroupsHelper.collectMethodsByGroup() took 0 ms.
15:19:55.197 [main] INFO  org.testng.internal.Utils - [Utils] MethodGroupsHelper.sortMethods() took 0 ms.
15:19:55.198 [main] INFO  org.testng.internal.Utils - [Utils] MethodGroupsHelper.collectMethodsByGroup() took 0 ms.
15:19:55.198 [main] INFO  org.testng.internal.Utils - [Utils] MethodGroupsHelper.sortMethods() took 0 ms.
15:19:55.203 [main] INFO  org.testng.internal.Utils - [Utils] MethodGroupsHelper.collectMethodsByGroup() took 0 ms.
15:19:55.204 [main] INFO  org.testng.internal.Utils - [Utils] MethodGroupsHelper.sortMethods() took 0 ms.
15:19:55.204 [main] INFO  org.testng.internal.Utils - [Utils] MethodGroupsHelper.collectMethodsByGroup() took 0 ms.
15:19:55.204 [main] INFO  org.testng.internal.Utils - [Utils] MethodGroupsHelper.sortMethods() took 0 ms.
15:19:55.206 [main] INFO  org.testng.internal.Utils - [Utils] MethodGroupsHelper.collectMethodsByGroup() took 0 ms.
15:19:55.207 [main] INFO  org.testng.internal.Utils - [Utils] MethodGroupsHelper.sortMethods() took 0 ms.
15:19:55.211 [main] INFO  org.testng.internal.Utils - [Utils] MethodGroupsHelper.collectMethodsByGroup() took 0 ms.
15:19:55.211 [main] INFO  org.testng.internal.Utils - [Utils] MethodGroupsHelper.sortMethods() took 0 ms.
15:19:55.212 [main] INFO  org.testng.internal.Utils - [Utils] MethodGroupsHelper.collectMethodsByGroup() took 0 ms.
15:19:55.212 [main] INFO  org.testng.internal.Utils - [Utils] MethodGroupsHelper.sortMethods() took 0 ms.
15:19:55.228 [main] INFO  org.testng.internal.Utils - [TestNG] Running:
  C:\Users\Asus\AppData\Local\Temp\testng-eclipse-174309519\testng-customsuite.xml

15:19:55.272 [main] INFO  org.testng.internal.Utils - [Utils] DynamicGraphHelper.createDynamicGraph() took 15 ms.
15:19:59.712 [main] INFO  testBase.TC001_AccountRegistrationTest - ******Starting TC001_AccountRegistrationTest******
15:19:59.839 [main] INFO  testBase.TC001_AccountRegistrationTest - Clicking on My Account
15:20:00.406 [main] INFO  testBase.TC001_AccountRegistrationTest - Clicking on Register
15:20:01.294 [main] INFO  testBase.TC001_AccountRegistrationTest - Entering the details of Register form
15:20:02.511 [main] INFO  testBase.TC001_AccountRegistrationTest - Clicking on policy check-box
15:20:02.622 [main] INFO  testBase.TC001_AccountRegistrationTest - Submmitting Register form
15:20:10.367 [main] INFO  testBase.TC001_AccountRegistrationTest - Validating expected message
15:20:10.367 [main] INFO  testBase.TC001_AccountRegistrationTest - ******Finished TC001_AccountRegistrationTest******
15:20:11.127 [main] INFO  org.testng.internal.Utils - [TestNG] Time taken by org.testng.reporters.jq.Main@6f8e0cee: 216 ms
15:20:11.130 [main] INFO  org.testng.internal.Utils - [TestNG] Time taken by org.testng.reporters.FailedReporter@1bc425e7: 2 ms
15:20:11.148 [main] INFO  org.testng.internal.Utils - [TestNG] Time taken by org.testng.reporters.XMLReporter@dffa30b: 18 ms
15:20:11.162 [main] INFO  org.testng.internal.Utils - [TestNG] Time taken by org.testng.reporters.EmailableReporter2@878537d: 14 ms
15:20:11.171 [main] INFO  org.testng.internal.Utils - [TestNG] Time taken by org.testng.reporters.JUnitReportReporter@30331109: 9 ms
15:20:11.172 [main] INFO  org.testng.internal.Utils - [TestNG] Time taken by org.testng.internal.ExitCodeListener@2571066a: 0 ms
15:21:42.508 [main] DEBUG org.testng.TestNG - suiteXmlPath: "C:\Users\Asus\AppData\Local\Temp\testng-eclipse-855870032\testng-customsuite.xml"
15:21:43.052 [main] INFO  org.testng.internal.Utils - [Utils] MethodGroupsHelper.collectMethodsByGroup() took 1 ms.
15:21:43.057 [main] INFO  org.testng.internal.Utils - [Utils] MethodGroupsHelper.sortMethods() took 3 ms.
15:21:43.060 [main] INFO  org.testng.internal.Utils - [Utils] MethodGroupsHelper.collectMethodsByGroup() took 0 ms.
15:21:43.061 [main] INFO  org.testng.internal.Utils - [Utils] MethodGroupsHelper.sortMethods() took 1 ms.
15:21:43.062 [main] INFO  org.testng.internal.Utils - [Utils] MethodGroupsHelper.collectMethodsByGroup() took 0 ms.
15:21:43.062 [main] INFO  org.testng.internal.Utils - [Utils] MethodGroupsHelper.sortMethods() took 0 ms.
15:21:43.063 [main] INFO  org.testng.internal.Utils - [Utils] MethodGroupsHelper.collectMethodsByGroup() took 0 ms.
15:21:43.064 [main] INFO  org.testng.internal.Utils - [Utils] MethodGroupsHelper.sortMethods() took 0 ms.
15:21:43.072 [main] INFO  org.testng.internal.Utils - [Utils] MethodGroupsHelper.collectMethodsByGroup() took 5 ms.
15:21:43.091 [main] INFO  org.testng.internal.Utils - [Utils] MethodGroupsHelper.sortMethods() took 18 ms.
15:21:43.095 [main] INFO  org.testng.internal.Utils - [Utils] MethodGroupsHelper.collectMethodsByGroup() took 0 ms.
15:21:43.097 [main] INFO  org.testng.internal.Utils - [Utils] MethodGroupsHelper.sortMethods() took 1 ms.
15:21:43.099 [main] INFO  org.testng.internal.Utils - [Utils] MethodGroupsHelper.collectMethodsByGroup() took 0 ms.
15:21:43.099 [main] INFO  org.testng.internal.Utils - [Utils] MethodGroupsHelper.sortMethods() took 0 ms.
15:21:43.100 [main] INFO  org.testng.internal.Utils - [Utils] MethodGroupsHelper.collectMethodsByGroup() took 0 ms.
15:21:43.101 [main] INFO  org.testng.internal.Utils - [Utils] MethodGroupsHelper.sortMethods() took 1 ms.
15:21:43.104 [main] INFO  org.testng.internal.Utils - [Utils] MethodGroupsHelper.collectMethodsByGroup() took 0 ms.
15:21:43.104 [main] INFO  org.testng.internal.Utils - [Utils] MethodGroupsHelper.sortMethods() took 0 ms.
15:21:43.105 [main] INFO  org.testng.internal.Utils - [Utils] MethodGroupsHelper.collectMethodsByGroup() took 0 ms.
15:21:43.105 [main] INFO  org.testng.internal.Utils - [Utils] MethodGroupsHelper.sortMethods() took 0 ms.
15:21:43.111 [main] INFO  org.testng.internal.Utils - [Utils] MethodGroupsHelper.collectMethodsByGroup() took 0 ms.
15:21:43.111 [main] INFO  org.testng.internal.Utils - [Utils] MethodGroupsHelper.sortMethods() took 0 ms.
15:21:43.112 [main] INFO  org.testng.internal.Utils - [Utils] MethodGroupsHelper.collectMethodsByGroup() took 0 ms.
15:21:43.112 [main] INFO  org.testng.internal.Utils - [Utils] MethodGroupsHelper.sortMethods() took 0 ms.
15:21:43.114 [main] INFO  org.testng.internal.Utils - [Utils] MethodGroupsHelper.collectMethodsByGroup() took 0 ms.
15:21:43.115 [main] INFO  org.testng.internal.Utils - [Utils] MethodGroupsHelper.sortMethods() took 0 ms.
15:21:43.118 [main] INFO  org.testng.internal.Utils - [Utils] MethodGroupsHelper.collectMethodsByGroup() took 0 ms.
15:21:43.119 [main] INFO  org.testng.internal.Utils - [Utils] MethodGroupsHelper.sortMethods() took 0 ms.
15:21:43.119 [main] INFO  org.testng.internal.Utils - [Utils] MethodGroupsHelper.collectMethodsByGroup() took 0 ms.
15:21:43.119 [main] INFO  org.testng.internal.Utils - [Utils] MethodGroupsHelper.sortMethods() took 0 ms.
15:21:43.135 [main] INFO  org.testng.internal.Utils - [TestNG] Running:
  C:\Users\Asus\AppData\Local\Temp\testng-eclipse-855870032\testng-customsuite.xml

15:21:43.183 [main] INFO  org.testng.internal.Utils - [Utils] DynamicGraphHelper.createDynamicGraph() took 17 ms.
15:21:47.510 [main] INFO  testBase.TC001_AccountRegistrationTest - ******Starting TC001_AccountRegistrationTest******
15:21:47.552 [main] INFO  testBase.TC001_AccountRegistrationTest - Clicking on My Account
15:21:47.829 [main] INFO  testBase.TC001_AccountRegistrationTest - Clicking on Register
15:21:48.675 [main] INFO  testBase.TC001_AccountRegistrationTest - Entering the details of Register form
15:21:50.064 [main] INFO  testBase.TC001_AccountRegistrationTest - Clicking on policy check-box
15:21:50.191 [main] INFO  testBase.TC001_AccountRegistrationTest - Submmitting Register form
15:21:51.870 [main] INFO  testBase.TC001_AccountRegistrationTest - Validating expected message
15:21:51.871 [main] INFO  testBase.TC001_AccountRegistrationTest - ******Finished TC001_AccountRegistrationTest******
15:21:52.856 [main] INFO  org.testng.internal.Utils - [TestNG] Time taken by org.testng.reporters.jq.Main@6f8e0cee: 335 ms
15:21:52.861 [main] INFO  org.testng.internal.Utils - [TestNG] Time taken by org.testng.reporters.FailedReporter@1bc425e7: 3 ms
15:21:52.916 [main] INFO  org.testng.internal.Utils - [TestNG] Time taken by org.testng.reporters.XMLReporter@dffa30b: 54 ms
15:21:52.939 [main] INFO  org.testng.internal.Utils - [TestNG] Time taken by org.testng.reporters.EmailableReporter2@878537d: 22 ms
15:21:52.958 [main] INFO  org.testng.internal.Utils - [TestNG] Time taken by org.testng.reporters.JUnitReportReporter@30331109: 18 ms
15:21:52.960 [main] INFO  org.testng.internal.Utils - [TestNG] Time taken by org.testng.internal.ExitCodeListener@2571066a: 1 ms
15:22:51.833 [main] DEBUG org.testng.TestNG - suiteXmlPath: "C:\Users\Asus\AppData\Local\Temp\testng-eclipse--1997969091\testng-customsuite.xml"
15:22:52.427 [main] INFO  org.testng.internal.Utils - [Utils] MethodGroupsHelper.collectMethodsByGroup() took 0 ms.
15:22:52.433 [main] INFO  org.testng.internal.Utils - [Utils] MethodGroupsHelper.sortMethods() took 3 ms.
15:22:52.437 [main] INFO  org.testng.internal.Utils - [Utils] MethodGroupsHelper.collectMethodsByGroup() took 0 ms.
15:22:52.437 [main] INFO  org.testng.internal.Utils - [Utils] MethodGroupsHelper.sortMethods() took 0 ms.
15:22:52.438 [main] INFO  org.testng.internal.Utils - [Utils] MethodGroupsHelper.collectMethodsByGroup() took 0 ms.
15:22:52.438 [main] INFO  org.testng.internal.Utils - [Utils] MethodGroupsHelper.sortMethods() took 0 ms.
15:22:52.440 [main] INFO  org.testng.internal.Utils - [Utils] MethodGroupsHelper.collectMethodsByGroup() took 0 ms.
15:22:52.440 [main] INFO  org.testng.internal.Utils - [Utils] MethodGroupsHelper.sortMethods() took 0 ms.
15:22:52.457 [main] INFO  org.testng.internal.Utils - [Utils] MethodGroupsHelper.collectMethodsByGroup() took 6 ms.
15:22:52.520 [main] INFO  org.testng.internal.Utils - [Utils] MethodGroupsHelper.sortMethods() took 60 ms.
15:22:52.528 [main] INFO  org.testng.internal.Utils - [Utils] MethodGroupsHelper.collectMethodsByGroup() took 1 ms.
15:22:52.529 [main] INFO  org.testng.internal.Utils - [Utils] MethodGroupsHelper.sortMethods() took 1 ms.
15:22:52.531 [main] INFO  org.testng.internal.Utils - [Utils] MethodGroupsHelper.collectMethodsByGroup() took 0 ms.
15:22:52.532 [main] INFO  org.testng.internal.Utils - [Utils] MethodGroupsHelper.sortMethods() took 0 ms.
15:22:52.533 [main] INFO  org.testng.internal.Utils - [Utils] MethodGroupsHelper.collectMethodsByGroup() took 0 ms.
15:22:52.534 [main] INFO  org.testng.internal.Utils - [Utils] MethodGroupsHelper.sortMethods() took 0 ms.
15:22:52.541 [main] INFO  org.testng.internal.Utils - [Utils] MethodGroupsHelper.collectMethodsByGroup() took 0 ms.
15:22:52.541 [main] INFO  org.testng.internal.Utils - [Utils] MethodGroupsHelper.sortMethods() took 0 ms.
15:22:52.542 [main] INFO  org.testng.internal.Utils - [Utils] MethodGroupsHelper.collectMethodsByGroup() took 0 ms.
15:22:52.543 [main] INFO  org.testng.internal.Utils - [Utils] MethodGroupsHelper.sortMethods() took 0 ms.
15:22:52.551 [main] INFO  org.testng.internal.Utils - [Utils] MethodGroupsHelper.collectMethodsByGroup() took 0 ms.
15:22:52.552 [main] INFO  org.testng.internal.Utils - [Utils] MethodGroupsHelper.sortMethods() took 0 ms.
15:22:52.552 [main] INFO  org.testng.internal.Utils - [Utils] MethodGroupsHelper.collectMethodsByGroup() took 0 ms.
15:22:52.552 [main] INFO  org.testng.internal.Utils - [Utils] MethodGroupsHelper.sortMethods() took 0 ms.
15:22:52.555 [main] INFO  org.testng.internal.Utils - [Utils] MethodGroupsHelper.collectMethodsByGroup() took 2 ms.
15:22:52.556 [main] INFO  org.testng.internal.Utils - [Utils] MethodGroupsHelper.sortMethods() took 1 ms.
15:22:52.561 [main] INFO  org.testng.internal.Utils - [Utils] MethodGroupsHelper.collectMethodsByGroup() took 0 ms.
15:22:52.562 [main] INFO  org.testng.internal.Utils - [Utils] MethodGroupsHelper.sortMethods() took 0 ms.
15:22:52.562 [main] INFO  org.testng.internal.Utils - [Utils] MethodGroupsHelper.collectMethodsByGroup() took 0 ms.
15:22:52.562 [main] INFO  org.testng.internal.Utils - [Utils] MethodGroupsHelper.sortMethods() took 0 ms.
15:22:52.586 [main] INFO  org.testng.internal.Utils - [TestNG] Running:
  C:\Users\Asus\AppData\Local\Temp\testng-eclipse--1997969091\testng-customsuite.xml

15:22:52.625 [main] INFO  org.testng.internal.Utils - [Utils] DynamicGraphHelper.createDynamicGraph() took 7 ms.
15:22:57.479 [main] INFO  testBase.TC001_AccountRegistrationTest - ******Starting TC001_AccountRegistrationTest******
15:22:57.570 [main] INFO  testBase.TC001_AccountRegistrationTest - Clicking on My Account
15:22:57.884 [main] INFO  testBase.TC001_AccountRegistrationTest - Clicking on Register
15:22:58.611 [main] INFO  testBase.TC001_AccountRegistrationTest - Entering the details of Register form
15:22:59.618 [main] INFO  testBase.TC001_AccountRegistrationTest - Clicking on policy check-box
15:22:59.744 [main] INFO  testBase.TC001_AccountRegistrationTest - Submmitting Register form
15:23:00.967 [main] ERROR testBase.TC001_AccountRegistrationTest - Test Failed...
15:23:00.969 [main] DEBUG testBase.TC001_AccountRegistrationTest - Debug logs...
15:23:02.179 [main] INFO  org.testng.internal.Utils - [TestNG] Time taken by org.testng.reporters.jq.Main@27b71f50: 396 ms
15:23:02.284 [main] INFO  org.testng.internal.Utils - [TestNG] Time taken by org.testng.reporters.FailedReporter@3eed0f5: 99 ms
15:23:02.318 [main] INFO  org.testng.internal.Utils - [TestNG] Time taken by org.testng.reporters.XMLReporter@22d1886d: 32 ms
15:23:02.369 [main] INFO  org.testng.internal.Utils - [TestNG] Time taken by org.testng.reporters.EmailableReporter2@660591fb: 51 ms
15:23:02.381 [main] INFO  org.testng.internal.Utils - [TestNG] Time taken by org.testng.reporters.JUnitReportReporter@5eb97ced: 12 ms
15:23:02.382 [main] INFO  org.testng.internal.Utils - [TestNG] Time taken by org.testng.internal.ExitCodeListener@68ba310d: 0 ms
15:23:48.694 [main] INFO  org.testng.internal.Utils - [Utils] MethodGroupsHelper.collectMethodsByGroup() took 2 ms.
15:23:48.708 [main] INFO  org.testng.internal.Utils - [Utils] MethodGroupsHelper.sortMethods() took 2 ms.
15:23:48.712 [main] INFO  org.testng.internal.Utils - [Utils] MethodGroupsHelper.collectMethodsByGroup() took 0 ms.
15:23:48.712 [main] INFO  org.testng.internal.Utils - [Utils] MethodGroupsHelper.sortMethods() took 0 ms.
15:23:48.714 [main] INFO  org.testng.internal.Utils - [Utils] MethodGroupsHelper.collectMethodsByGroup() took 0 ms.
15:23:48.714 [main] INFO  org.testng.internal.Utils - [Utils] MethodGroupsHelper.sortMethods() took 0 ms.
15:23:48.716 [main] INFO  org.testng.internal.Utils - [Utils] MethodGroupsHelper.collectMethodsByGroup() took 0 ms.
15:23:48.716 [main] INFO  org.testng.internal.Utils - [Utils] MethodGroupsHelper.sortMethods() took 0 ms.
15:23:48.732 [main] INFO  org.testng.internal.Utils - [Utils] MethodGroupsHelper.collectMethodsByGroup() took 10 ms.
15:23:48.765 [main] INFO  org.testng.internal.Utils - [Utils] MethodGroupsHelper.sortMethods() took 32 ms.
15:23:48.770 [main] INFO  org.testng.internal.Utils - [Utils] MethodGroupsHelper.collectMethodsByGroup() took 1 ms.
15:23:48.771 [main] INFO  org.testng.internal.Utils - [Utils] MethodGroupsHelper.sortMethods() took 1 ms.
15:23:48.786 [main] INFO  org.testng.internal.Utils - [Utils] MethodGroupsHelper.collectMethodsByGroup() took 0 ms.
15:23:48.787 [main] INFO  org.testng.internal.Utils - [Utils] MethodGroupsHelper.sortMethods() took 0 ms.
15:23:48.789 [main] INFO  org.testng.internal.Utils - [Utils] MethodGroupsHelper.collectMethodsByGroup() took 0 ms.
15:23:48.790 [main] INFO  org.testng.internal.Utils - [Utils] MethodGroupsHelper.sortMethods() took 0 ms.
15:23:48.800 [main] INFO  org.testng.internal.Utils - [Utils] MethodGroupsHelper.collectMethodsByGroup() took 0 ms.
15:23:48.800 [main] INFO  org.testng.internal.Utils - [Utils] MethodGroupsHelper.sortMethods() took 0 ms.
15:23:48.803 [main] INFO  org.testng.internal.Utils - [Utils] MethodGroupsHelper.collectMethodsByGroup() took 0 ms.
15:23:48.804 [main] INFO  org.testng.internal.Utils - [Utils] MethodGroupsHelper.sortMethods() took 0 ms.
15:23:48.818 [main] INFO  org.testng.internal.Utils - [Utils] MethodGroupsHelper.collectMethodsByGroup() took 0 ms.
15:23:48.819 [main] INFO  org.testng.internal.Utils - [Utils] MethodGroupsHelper.sortMethods() took 0 ms.
15:23:48.819 [main] INFO  org.testng.internal.Utils - [Utils] MethodGroupsHelper.collectMethodsByGroup() took 0 ms.
15:23:48.819 [main] INFO  org.testng.internal.Utils - [Utils] MethodGroupsHelper.sortMethods() took 0 ms.
15:23:48.825 [main] INFO  org.testng.internal.Utils - [Utils] MethodGroupsHelper.collectMethodsByGroup() took 2 ms.
15:23:48.827 [main] INFO  org.testng.internal.Utils - [Utils] MethodGroupsHelper.sortMethods() took 1 ms.
15:23:48.832 [main] INFO  org.testng.internal.Utils - [Utils] MethodGroupsHelper.collectMethodsByGroup() took 0 ms.
15:23:48.833 [main] INFO  org.testng.internal.Utils - [Utils] MethodGroupsHelper.sortMethods() took 0 ms.
15:23:48.833 [main] INFO  org.testng.internal.Utils - [Utils] MethodGroupsHelper.collectMethodsByGroup() took 0 ms.
15:23:48.833 [main] INFO  org.testng.internal.Utils - [Utils] MethodGroupsHelper.sortMethods() took 0 ms.
15:23:48.868 [main] INFO  org.testng.internal.Utils - [TestNG] Running:
  C:\Users\Asus\AppData\Local\Temp\testng-eclipse--1327443703\testng-customsuite.xml

15:23:48.948 [main] INFO  org.testng.internal.Utils - [Utils] DynamicGraphHelper.createDynamicGraph() took 21 ms.
15:23:54.067 [main] INFO  testBase.TC001_AccountRegistrationTest - ******Starting TC001_AccountRegistrationTest******
15:23:54.196 [main] INFO  testBase.TC001_AccountRegistrationTest - Clicking on My Account
15:23:54.631 [main] INFO  testBase.TC001_AccountRegistrationTest - Clicking on Register
15:23:55.860 [main] INFO  testBase.TC001_AccountRegistrationTest - Entering the details of Register form
15:23:56.969 [main] INFO  testBase.TC001_AccountRegistrationTest - Clicking on policy check-box
15:23:57.107 [main] INFO  testBase.TC001_AccountRegistrationTest - Submmitting Register form
15:23:58.556 [main] ERROR testBase.TC001_AccountRegistrationTest - Test Failed...
15:23:59.955 [main] INFO  org.testng.internal.Utils - [TestNG] Time taken by org.testng.reporters.jq.Main@131fcb6f: 289 ms
15:24:00.050 [main] INFO  org.testng.internal.Utils - [TestNG] Time taken by org.testng.reporters.FailedReporter@4d23015c: 86 ms
15:24:00.106 [main] INFO  org.testng.internal.Utils - [TestNG] Time taken by org.testng.reporters.XMLReporter@529cfee5: 44 ms
15:24:00.125 [main] INFO  org.testng.internal.Utils - [TestNG] Time taken by org.testng.reporters.EmailableReporter2@226b143b: 19 ms
15:24:00.162 [main] INFO  org.testng.internal.Utils - [TestNG] Time taken by org.testng.reporters.JUnitReportReporter@7aad3f7d: 37 ms
15:24:00.170 [main] INFO  org.testng.internal.Utils - [TestNG] Time taken by org.testng.internal.ExitCodeListener@6f667ad1: 0 ms
16:53:20.814 [main] INFO  org.testng.internal.Utils - [Utils] MethodGroupsHelper.collectMethodsByGroup() took 1 ms.
16:53:20.824 [main] INFO  org.testng.internal.Utils - [Utils] MethodGroupsHelper.sortMethods() took 3 ms.
16:53:20.827 [main] INFO  org.testng.internal.Utils - [Utils] MethodGroupsHelper.collectMethodsByGroup() took 0 ms.
16:53:20.827 [main] INFO  org.testng.internal.Utils - [Utils] MethodGroupsHelper.sortMethods() took 0 ms.
16:53:20.829 [main] INFO  org.testng.internal.Utils - [Utils] MethodGroupsHelper.collectMethodsByGroup() took 0 ms.
16:53:20.829 [main] INFO  org.testng.internal.Utils - [Utils] MethodGroupsHelper.sortMethods() took 0 ms.
16:53:20.831 [main] INFO  org.testng.internal.Utils - [Utils] MethodGroupsHelper.collectMethodsByGroup() took 0 ms.
16:53:20.831 [main] INFO  org.testng.internal.Utils - [Utils] MethodGroupsHelper.sortMethods() took 0 ms.
16:53:20.847 [main] INFO  org.testng.internal.Utils - [Utils] MethodGroupsHelper.collectMethodsByGroup() took 5 ms.
16:53:20.869 [main] INFO  org.testng.internal.Utils - [Utils] MethodGroupsHelper.sortMethods() took 21 ms.
16:53:20.872 [main] INFO  org.testng.internal.Utils - [Utils] MethodGroupsHelper.collectMethodsByGroup() took 0 ms.
16:53:20.873 [main] INFO  org.testng.internal.Utils - [Utils] MethodGroupsHelper.sortMethods() took 0 ms.
16:53:20.875 [main] INFO  org.testng.internal.Utils - [Utils] MethodGroupsHelper.collectMethodsByGroup() took 0 ms.
16:53:20.875 [main] INFO  org.testng.internal.Utils - [Utils] MethodGroupsHelper.sortMethods() took 0 ms.
16:53:20.876 [main] INFO  org.testng.internal.Utils - [Utils] MethodGroupsHelper.collectMethodsByGroup() took 0 ms.
16:53:20.876 [main] INFO  org.testng.internal.Utils - [Utils] MethodGroupsHelper.sortMethods() took 0 ms.
16:53:20.880 [main] INFO  org.testng.internal.Utils - [Utils] MethodGroupsHelper.collectMethodsByGroup() took 0 ms.
16:53:20.880 [main] INFO  org.testng.internal.Utils - [Utils] MethodGroupsHelper.sortMethods() took 0 ms.
16:53:20.881 [main] INFO  org.testng.internal.Utils - [Utils] MethodGroupsHelper.collectMethodsByGroup() took 0 ms.
16:53:20.881 [main] INFO  org.testng.internal.Utils - [Utils] MethodGroupsHelper.sortMethods() took 0 ms.
16:53:20.887 [main] INFO  org.testng.internal.Utils - [Utils] MethodGroupsHelper.collectMethodsByGroup() took 0 ms.
16:53:20.888 [main] INFO  org.testng.internal.Utils - [Utils] MethodGroupsHelper.sortMethods() took 0 ms.
16:53:20.888 [main] INFO  org.testng.internal.Utils - [Utils] MethodGroupsHelper.collectMethodsByGroup() took 0 ms.
16:53:20.888 [main] INFO  org.testng.internal.Utils - [Utils] MethodGroupsHelper.sortMethods() took 0 ms.
16:53:20.890 [main] INFO  org.testng.internal.Utils - [Utils] MethodGroupsHelper.collectMethodsByGroup() took 1 ms.
16:53:20.891 [main] INFO  org.testng.internal.Utils - [Utils] MethodGroupsHelper.sortMethods() took 1 ms.
16:53:20.894 [main] INFO  org.testng.internal.Utils - [Utils] MethodGroupsHelper.collectMethodsByGroup() took 0 ms.
16:53:20.894 [main] INFO  org.testng.internal.Utils - [Utils] MethodGroupsHelper.sortMethods() took 0 ms.
16:53:20.894 [main] INFO  org.testng.internal.Utils - [Utils] MethodGroupsHelper.collectMethodsByGroup() took 0 ms.
16:53:20.895 [main] INFO  org.testng.internal.Utils - [Utils] MethodGroupsHelper.sortMethods() took 0 ms.
16:53:20.912 [main] INFO  org.testng.internal.Utils - [TestNG] Running:
  C:\Users\Asus\AppData\Local\Temp\testng-eclipse--2025367523\testng-customsuite.xml

16:53:20.959 [main] INFO  org.testng.internal.Utils - [Utils] DynamicGraphHelper.createDynamicGraph() took 10 ms.
16:53:27.674 [main] INFO  testBase.TC001_AccountRegistrationTest - ******Starting TC001_AccountRegistrationTest******
16:53:27.726 [main] INFO  testBase.TC001_AccountRegistrationTest - Clicking on My Account
16:53:39.179 [main] INFO  org.testng.internal.Utils - [TestNG] Time taken by org.testng.reporters.jq.Main@57bd802b: 171 ms
16:53:39.230 [main] INFO  org.testng.internal.Utils - [TestNG] Time taken by org.testng.reporters.FailedReporter@7004e3d: 49 ms
16:53:39.256 [main] INFO  org.testng.internal.Utils - [TestNG] Time taken by org.testng.reporters.XMLReporter@4a1c0752: 23 ms
16:53:39.294 [main] INFO  org.testng.internal.Utils - [TestNG] Time taken by org.testng.reporters.EmailableReporter2@30af7377: 38 ms
16:53:39.320 [main] INFO  org.testng.internal.Utils - [TestNG] Time taken by org.testng.reporters.JUnitReportReporter@5c20ffa8: 26 ms
16:53:39.321 [main] INFO  org.testng.internal.Utils - [TestNG] Time taken by org.testng.internal.ExitCodeListener@7fedfe27: 1 ms
16:54:11.335 [main] INFO  org.testng.internal.Utils - [Utils] MethodGroupsHelper.collectMethodsByGroup() took 0 ms.
16:54:11.344 [main] INFO  org.testng.internal.Utils - [Utils] MethodGroupsHelper.sortMethods() took 2 ms.
16:54:11.348 [main] INFO  org.testng.internal.Utils - [Utils] MethodGroupsHelper.collectMethodsByGroup() took 0 ms.
16:54:11.348 [main] INFO  org.testng.internal.Utils - [Utils] MethodGroupsHelper.sortMethods() took 0 ms.
16:54:11.349 [main] INFO  org.testng.internal.Utils - [Utils] MethodGroupsHelper.collectMethodsByGroup() took 0 ms.
16:54:11.350 [main] INFO  org.testng.internal.Utils - [Utils] MethodGroupsHelper.sortMethods() took 0 ms.
16:54:11.351 [main] INFO  org.testng.internal.Utils - [Utils] MethodGroupsHelper.collectMethodsByGroup() took 0 ms.
16:54:11.351 [main] INFO  org.testng.internal.Utils - [Utils] MethodGroupsHelper.sortMethods() took 0 ms.
16:54:11.360 [main] INFO  org.testng.internal.Utils - [Utils] MethodGroupsHelper.collectMethodsByGroup() took 5 ms.
16:54:11.380 [main] INFO  org.testng.internal.Utils - [Utils] MethodGroupsHelper.sortMethods() took 20 ms.
16:54:11.383 [main] INFO  org.testng.internal.Utils - [Utils] MethodGroupsHelper.collectMethodsByGroup() took 0 ms.
16:54:11.384 [main] INFO  org.testng.internal.Utils - [Utils] MethodGroupsHelper.sortMethods() took 1 ms.
16:54:11.386 [main] INFO  org.testng.internal.Utils - [Utils] MethodGroupsHelper.collectMethodsByGroup() took 0 ms.
16:54:11.387 [main] INFO  org.testng.internal.Utils - [Utils] MethodGroupsHelper.sortMethods() took 0 ms.
16:54:11.389 [main] INFO  org.testng.internal.Utils - [Utils] MethodGroupsHelper.collectMethodsByGroup() took 0 ms.
16:54:11.389 [main] INFO  org.testng.internal.Utils - [Utils] MethodGroupsHelper.sortMethods() took 0 ms.
16:54:11.393 [main] INFO  org.testng.internal.Utils - [Utils] MethodGroupsHelper.collectMethodsByGroup() took 0 ms.
16:54:11.394 [main] INFO  org.testng.internal.Utils - [Utils] MethodGroupsHelper.sortMethods() took 0 ms.
16:54:11.395 [main] INFO  org.testng.internal.Utils - [Utils] MethodGroupsHelper.collectMethodsByGroup() took 0 ms.
16:54:11.395 [main] INFO  org.testng.internal.Utils - [Utils] MethodGroupsHelper.sortMethods() took 0 ms.
16:54:11.400 [main] INFO  org.testng.internal.Utils - [Utils] MethodGroupsHelper.collectMethodsByGroup() took 0 ms.
16:54:11.401 [main] INFO  org.testng.internal.Utils - [Utils] MethodGroupsHelper.sortMethods() took 0 ms.
16:54:11.401 [main] INFO  org.testng.internal.Utils - [Utils] MethodGroupsHelper.collectMethodsByGroup() took 0 ms.
16:54:11.401 [main] INFO  org.testng.internal.Utils - [Utils] MethodGroupsHelper.sortMethods() took 0 ms.
16:54:11.404 [main] INFO  org.testng.internal.Utils - [Utils] MethodGroupsHelper.collectMethodsByGroup() took 1 ms.
16:54:11.405 [main] INFO  org.testng.internal.Utils - [Utils] MethodGroupsHelper.sortMethods() took 1 ms.
16:54:11.408 [main] INFO  org.testng.internal.Utils - [Utils] MethodGroupsHelper.collectMethodsByGroup() took 0 ms.
16:54:11.409 [main] INFO  org.testng.internal.Utils - [Utils] MethodGroupsHelper.sortMethods() took 0 ms.
16:54:11.409 [main] INFO  org.testng.internal.Utils - [Utils] MethodGroupsHelper.collectMethodsByGroup() took 0 ms.
16:54:11.409 [main] INFO  org.testng.internal.Utils - [Utils] MethodGroupsHelper.sortMethods() took 0 ms.
16:54:11.425 [main] INFO  org.testng.internal.Utils - [TestNG] Running:
  C:\Users\Asus\AppData\Local\Temp\testng-eclipse-343374924\testng-customsuite.xml

16:54:11.472 [main] INFO  org.testng.internal.Utils - [Utils] DynamicGraphHelper.createDynamicGraph() took 15 ms.
16:54:15.892 [main] INFO  testBase.TC001_AccountRegistrationTest - ******Starting TC001_AccountRegistrationTest******
16:54:16.095 [main] INFO  testBase.TC001_AccountRegistrationTest - Clicking on My Account
16:54:16.466 [main] INFO  testBase.TC001_AccountRegistrationTest - Clicking on Register
16:54:17.269 [main] INFO  testBase.TC001_AccountRegistrationTest - Entering the details of Register form
16:54:18.483 [main] INFO  testBase.TC001_AccountRegistrationTest - Clicking on policy check-box
16:54:18.607 [main] INFO  testBase.TC001_AccountRegistrationTest - Submmitting Register form
16:54:20.359 [main] INFO  testBase.TC001_AccountRegistrationTest - Validating expected message
16:54:20.359 [main] INFO  testBase.TC001_AccountRegistrationTest - ******Finished TC001_AccountRegistrationTest******
16:54:21.370 [main] INFO  org.testng.internal.Utils - [TestNG] Time taken by org.testng.reporters.jq.Main@6f8e0cee: 270 ms
16:54:21.373 [main] INFO  org.testng.internal.Utils - [TestNG] Time taken by org.testng.reporters.FailedReporter@1bc425e7: 3 ms
16:54:21.398 [main] INFO  org.testng.internal.Utils - [TestNG] Time taken by org.testng.reporters.XMLReporter@dffa30b: 24 ms
16:54:21.419 [main] INFO  org.testng.internal.Utils - [TestNG] Time taken by org.testng.reporters.EmailableReporter2@878537d: 21 ms
16:54:21.434 [main] INFO  org.testng.internal.Utils - [TestNG] Time taken by org.testng.reporters.JUnitReportReporter@30331109: 14 ms
16:54:21.435 [main] INFO  org.testng.internal.Utils - [TestNG] Time taken by org.testng.internal.ExitCodeListener@2571066a: 1 ms
17:30:21.873 [main] INFO  org.testng.internal.Utils - [TestNG] Running:
  D:\Selenium Hybrid Framwork Workspace\OpenCardProject\master.xml

17:30:27.585 [main] INFO  testBase.TC001_AccountRegistrationTest - ******Starting TC001_AccountRegistrationTest******
17:30:27.669 [main] INFO  testBase.TC001_AccountRegistrationTest - Clicking on My Account
17:30:27.801 [main] INFO  testBase.TC001_AccountRegistrationTest - Clicking on Register
17:30:28.461 [main] INFO  testBase.TC001_AccountRegistrationTest - Entering the details of Register form
17:30:29.232 [main] INFO  testBase.TC001_AccountRegistrationTest - Clicking on policy check-box
17:30:29.311 [main] INFO  testBase.TC001_AccountRegistrationTest - Submmitting Register form
17:30:32.509 [main] INFO  testBase.TC001_AccountRegistrationTest - Validating expected message
17:30:32.509 [main] INFO  testBase.TC001_AccountRegistrationTest - ******Finished TC001_AccountRegistrationTest******
17:32:29.067 [main] INFO  org.testng.internal.Utils - [TestNG] Running:
  D:\Selenium Hybrid Framwork Workspace\OpenCardProject\Cross-BrowserTesting.xml

17:32:32.823 [main] INFO  testBase.TC001_AccountRegistrationTest - ******Starting TC001_AccountRegistrationTest******
17:32:32.885 [main] INFO  testBase.TC001_AccountRegistrationTest - Clicking on My Account
17:32:33.011 [main] INFO  testBase.TC001_AccountRegistrationTest - Clicking on Register
17:32:33.585 [main] INFO  testBase.TC001_AccountRegistrationTest - Entering the details of Register form
17:32:34.297 [main] INFO  testBase.TC001_AccountRegistrationTest - Clicking on policy check-box
17:32:34.367 [main] INFO  testBase.TC001_AccountRegistrationTest - Submmitting Register form
17:32:36.530 [main] INFO  testBase.TC001_AccountRegistrationTest - Validating expected message
17:32:36.530 [main] INFO  testBase.TC001_AccountRegistrationTest - ******Finished TC001_AccountRegistrationTest******
17:32:40.124 [main] INFO  testBase.TC001_AccountRegistrationTest - ******Starting TC001_AccountRegistrationTest******
17:32:40.125 [main] INFO  testBase.TC001_AccountRegistrationTest - Clicking on My Account
17:32:40.313 [main] INFO  testBase.TC001_AccountRegistrationTest - Clicking on Register
17:32:40.803 [main] INFO  testBase.TC001_AccountRegistrationTest - Entering the details of Register form
17:32:41.504 [main] INFO  testBase.TC001_AccountRegistrationTest - Clicking on policy check-box
17:32:41.594 [main] INFO  testBase.TC001_AccountRegistrationTest - Submmitting Register form
17:32:43.371 [main] INFO  testBase.TC001_AccountRegistrationTest - Validating expected message
17:32:43.371 [main] INFO  testBase.TC001_AccountRegistrationTest - ******Finished TC001_AccountRegistrationTest******
17:33:40.687 [main] INFO  testBase.TC001_AccountRegistrationTest - ******Starting TC001_AccountRegistrationTest******
17:33:40.712 [main] INFO  testBase.TC001_AccountRegistrationTest - Clicking on My Account
17:34:56.766 [main] INFO  org.testng.internal.Utils - [TestNG] Running:
  D:\Selenium Hybrid Framwork Workspace\OpenCardProject\Cross-BrowserTesting.xml

17:34:59.700 [main] INFO  testBase.TC001_AccountRegistrationTest - ******Starting TC001_AccountRegistrationTest******
17:34:59.731 [main] INFO  testBase.TC001_AccountRegistrationTest - Clicking on My Account
17:35:12.467 [main] INFO  testBase.TC001_AccountRegistrationTest - ******Starting TC001_AccountRegistrationTest******
17:35:12.473 [main] INFO  testBase.TC001_AccountRegistrationTest - Clicking on My Account
17:35:30.070 [main] INFO  testBase.TC001_AccountRegistrationTest - ******Starting TC001_AccountRegistrationTest******
17:35:30.075 [main] INFO  testBase.TC001_AccountRegistrationTest - Clicking on My Account
17:36:48.441 [main] INFO  org.testng.internal.Utils - [TestNG] Running:
  D:\Selenium Hybrid Framwork Workspace\OpenCardProject\Cross-BrowserTesting.xml

17:36:51.526 [main] INFO  testBase.TC001_AccountRegistrationTest - ******Starting TC001_AccountRegistrationTest******
17:36:51.565 [main] INFO  testBase.TC001_AccountRegistrationTest - Clicking on My Account
17:37:04.267 [main] INFO  testBase.TC001_AccountRegistrationTest - ******Starting TC001_AccountRegistrationTest******
17:37:04.277 [main] INFO  testBase.TC001_AccountRegistrationTest - Clicking on My Account
17:37:22.820 [main] INFO  testBase.TC001_AccountRegistrationTest - ******Starting TC001_AccountRegistrationTest******
17:37:22.828 [main] INFO  testBase.TC001_AccountRegistrationTest - Clicking on My Account
17:38:42.936 [main] INFO  org.testng.internal.Utils - [TestNG] Running:
  D:\Selenium Hybrid Framwork Workspace\OpenCardProject\master.xml

17:38:47.951 [main] INFO  testBase.TC001_AccountRegistrationTest - ******Starting TC001_AccountRegistrationTest******
17:38:48.038 [main] INFO  testBase.TC001_AccountRegistrationTest - Clicking on My Account
17:39:14.658 [main] INFO  org.testng.internal.Utils - [TestNG] Running:
  D:\Selenium Hybrid Framwork Workspace\OpenCardProject\master.xml

17:39:18.653 [main] INFO  testBase.TC001_AccountRegistrationTest - ******Starting TC001_AccountRegistrationTest******
17:39:18.693 [main] INFO  testBase.TC001_AccountRegistrationTest - Clicking on My Account
17:39:18.823 [main] INFO  testBase.TC001_AccountRegistrationTest - Clicking on Register
17:39:19.342 [main] INFO  testBase.TC001_AccountRegistrationTest - Entering the details of Register form
17:39:20.187 [main] INFO  testBase.TC001_AccountRegistrationTest - Clicking on policy check-box
17:39:20.305 [main] INFO  testBase.TC001_AccountRegistrationTest - Submmitting Register form
17:39:23.048 [main] ERROR testBase.TC001_AccountRegistrationTest - Test Failed...
17:39:59.162 [main] INFO  org.testng.internal.Utils - [TestNG] Running:
  D:\Selenium Hybrid Framwork Workspace\OpenCardProject\Cross-BrowserTesting.xml

17:40:04.346 [main] INFO  testBase.TC001_AccountRegistrationTest - ******Starting TC001_AccountRegistrationTest******
17:40:04.457 [main] INFO  testBase.TC001_AccountRegistrationTest - Clicking on My Account
17:40:04.945 [main] INFO  testBase.TC001_AccountRegistrationTest - Clicking on Register
17:40:06.273 [main] INFO  testBase.TC001_AccountRegistrationTest - Entering the details of Register form
17:40:06.945 [main] INFO  testBase.TC001_AccountRegistrationTest - Clicking on policy check-box
17:40:07.023 [main] INFO  testBase.TC001_AccountRegistrationTest - Submmitting Register form
17:40:09.419 [main] INFO  testBase.TC001_AccountRegistrationTest - Validating expected message
17:40:09.419 [main] INFO  testBase.TC001_AccountRegistrationTest - ******Finished TC001_AccountRegistrationTest******
17:40:13.518 [main] INFO  testBase.TC001_AccountRegistrationTest - ******Starting TC001_AccountRegistrationTest******
17:40:13.519 [main] INFO  testBase.TC001_AccountRegistrationTest - Clicking on My Account
17:40:13.685 [main] INFO  testBase.TC001_AccountRegistrationTest - Clicking on Register
17:40:14.224 [main] INFO  testBase.TC001_AccountRegistrationTest - Entering the details of Register form
17:40:14.920 [main] INFO  testBase.TC001_AccountRegistrationTest - Clicking on policy check-box
17:40:15.002 [main] INFO  testBase.TC001_AccountRegistrationTest - Submmitting Register form
17:40:16.909 [main] INFO  testBase.TC001_AccountRegistrationTest - Validating expected message
17:40:16.910 [main] INFO  testBase.TC001_AccountRegistrationTest - ******Finished TC001_AccountRegistrationTest******
17:40:25.537 [main] INFO  testBase.TC001_AccountRegistrationTest - ******Starting TC001_AccountRegistrationTest******
17:40:25.538 [main] INFO  testBase.TC001_AccountRegistrationTest - Clicking on My Account
17:40:25.678 [main] INFO  testBase.TC001_AccountRegistrationTest - Clicking on Register
17:40:26.212 [main] INFO  testBase.TC001_AccountRegistrationTest - Entering the details of Register form
17:40:26.679 [main] INFO  testBase.TC001_AccountRegistrationTest - Clicking on policy check-box
17:40:26.768 [main] INFO  testBase.TC001_AccountRegistrationTest - Submmitting Register form
17:40:28.320 [main] INFO  testBase.TC001_AccountRegistrationTest - Validating expected message
17:40:28.321 [main] INFO  testBase.TC001_AccountRegistrationTest - ******Finished TC001_AccountRegistrationTest******
17:40:52.538 [main] INFO  org.testng.internal.Utils - [TestNG] Running:
  D:\Selenium Hybrid Framwork Workspace\OpenCardProject\Cross-BrowserTesting.xml

17:41:00.328 [TestNG-tests-1] INFO  testBase.TC001_AccountRegistrationTest - ******Starting TC001_AccountRegistrationTest******
17:41:00.661 [TestNG-tests-1] INFO  testBase.TC001_AccountRegistrationTest - Clicking on My Account
17:41:01.234 [TestNG-tests-2] INFO  testBase.TC001_AccountRegistrationTest - ******Starting TC001_AccountRegistrationTest******
17:41:01.239 [TestNG-tests-2] INFO  testBase.TC001_AccountRegistrationTest - Clicking on My Account
17:41:01.248 [TestNG-tests-1] INFO  testBase.TC001_AccountRegistrationTest - Clicking on Register
17:41:01.918 [TestNG-tests-2] INFO  testBase.TC001_AccountRegistrationTest - Clicking on Register
17:41:02.551 [TestNG-tests-1] INFO  testBase.TC001_AccountRegistrationTest - Entering the details of Register form
17:41:03.151 [TestNG-tests-2] INFO  testBase.TC001_AccountRegistrationTest - Entering the details of Register form
17:41:05.170 [TestNG-tests-1] INFO  testBase.TC001_AccountRegistrationTest - Clicking on policy check-box
17:41:05.856 [TestNG-tests-1] INFO  testBase.TC001_AccountRegistrationTest - Submmitting Register form
17:41:08.325 [TestNG-tests-1] INFO  testBase.TC001_AccountRegistrationTest - Validating expected message
17:41:08.326 [TestNG-tests-1] INFO  testBase.TC001_AccountRegistrationTest - ******Finished TC001_AccountRegistrationTest******
17:41:08.525 [TestNG-tests-3] INFO  testBase.TC001_AccountRegistrationTest - ******Starting TC001_AccountRegistrationTest******
17:41:08.527 [TestNG-tests-3] INFO  testBase.TC001_AccountRegistrationTest - Clicking on My Account
17:41:08.768 [TestNG-tests-2] INFO  testBase.TC001_AccountRegistrationTest - Clicking on policy check-box
17:41:08.982 [TestNG-tests-2] INFO  testBase.TC001_AccountRegistrationTest - Submmitting Register form
17:41:09.124 [TestNG-tests-3] INFO  testBase.TC001_AccountRegistrationTest - Clicking on Register
17:41:10.450 [TestNG-tests-2] INFO  testBase.TC001_AccountRegistrationTest - Validating expected message
17:41:10.450 [TestNG-tests-2] INFO  testBase.TC001_AccountRegistrationTest - ******Finished TC001_AccountRegistrationTest******
17:41:11.358 [TestNG-tests-3] INFO  testBase.TC001_AccountRegistrationTest - Entering the details of Register form
17:41:11.857 [TestNG-tests-3] INFO  testBase.TC001_AccountRegistrationTest - Clicking on policy check-box
17:41:12.015 [TestNG-tests-3] INFO  testBase.TC001_AccountRegistrationTest - Submmitting Register form
17:41:13.211 [TestNG-tests-3] INFO  testBase.TC001_AccountRegistrationTest - Validating expected message
17:41:13.211 [TestNG-tests-3] INFO  testBase.TC001_AccountRegistrationTest - ******Finished TC001_AccountRegistrationTest******
17:53:16.003 [main] INFO  org.testng.internal.Utils - [TestNG] Running:
  D:\Selenium Hybrid Framwork Workspace\OpenCardProject\master.xml

17:53:19.116 [main] INFO  testBase.TC001_AccountRegistrationTest - ******Starting TC001_AccountRegistrationTest******
17:53:19.146 [main] INFO  testBase.TC001_AccountRegistrationTest - Clicking on My Account
17:53:39.412 [main] INFO  org.testng.internal.Utils - [TestNG] Running:
  D:\Selenium Hybrid Framwork Workspace\OpenCardProject\master.xml

17:53:44.334 [main] INFO  testBase.TC001_AccountRegistrationTest - ******Starting TC001_AccountRegistrationTest******
17:53:44.363 [main] INFO  testBase.TC001_AccountRegistrationTest - Clicking on My Account
17:54:13.268 [main] INFO  org.testng.internal.Utils - [TestNG] Running:
  D:\Selenium Hybrid Framwork Workspace\OpenCardProject\master.xml

17:54:15.865 [main] INFO  testBase.TC001_AccountRegistrationTest - ******Starting TC001_AccountRegistrationTest******
17:54:15.908 [main] INFO  testBase.TC001_AccountRegistrationTest - Clicking on My Account
17:56:06.363 [main] INFO  org.testng.internal.Utils - [TestNG] Running:
  D:\Selenium Hybrid Framwork Workspace\OpenCardProject\master.xml

17:56:09.719 [main] INFO  testBase.TC001_AccountRegistrationTest - ******Starting TC001_AccountRegistrationTest******
17:56:09.785 [main] INFO  testBase.TC001_AccountRegistrationTest - Clicking on My Account
17:56:09.902 [main] INFO  testBase.TC001_AccountRegistrationTest - Clicking on Register
17:56:10.428 [main] INFO  testBase.TC001_AccountRegistrationTest - Entering the details of Register form
17:56:11.164 [main] INFO  testBase.TC001_AccountRegistrationTest - Clicking on policy check-box
17:56:11.258 [main] INFO  testBase.TC001_AccountRegistrationTest - Submmitting Register form
17:56:13.277 [main] INFO  testBase.TC001_AccountRegistrationTest - Validating expected message
17:56:13.277 [main] INFO  testBase.TC001_AccountRegistrationTest - ******Finished TC001_AccountRegistrationTest******
